// Jest Snapshot v1, https://goo.gl/fbAQLP

exports[`listBundles 1`] = `
Array [
  Object {
    "name": "bar",
    "pages": Array [],
    "scripts": Array [
      "index.ts",
    ],
  },
  Object {
    "name": "baz",
    "pages": Array [
      "index.html",
    ],
    "scripts": Array [],
  },
]
`;
